// Jest Snapshot v1, https://goo.gl/fbAQLP

exports[`Coins test snapshot for coins 1`] = `
Object {
  "asFragment": [Function],
  "baseElement": <body>
    <div>
      <div
        class="App"
      >
        <nav
          class="navigation-bar"
        >
          <div
            class="nav-logo"
          >
            <ul
              class="navigation-ul"
            >
              <li
                class="NavLink"
              >
                <a
                  aria-current="page"
                  class="logo active"
                  href="/"
                >
                  <img
                    alt="Home logo"
                    class="prism"
                    src="home.png"
                  />
                </a>
              </li>
            </ul>
          </div>
          <div
            class="logo-div"
          >
            <p
              class="logo-p"
            >
              Crypto Currencies
            </p>
          </div>
        </nav>
        <div>
          <div
            class="div-search"
          >
             
            <input
              class="search"
              placeholder="Search coin"
              type="search"
              value=""
            />
          </div>
          <ul
            class="coin-container"
          />
        </div>
      </div>
    </div>
  </body>,
  "container": <div>
    <div
      class="App"
    >
      <nav
        class="navigation-bar"
      >
        <div
          class="nav-logo"
        >
          <ul
            class="navigation-ul"
          >
            <li
              class="NavLink"
            >
              <a
                aria-current="page"
                class="logo active"
                href="/"
              >
                <img
                  alt="Home logo"
                  class="prism"
                  src="home.png"
                />
              </a>
            </li>
          </ul>
        </div>
        <div
          class="logo-div"
        >
          <p
            class="logo-p"
          >
            Crypto Currencies
          </p>
        </div>
      </nav>
      <div>
        <div
          class="div-search"
        >
           
          <input
            class="search"
            placeholder="Search coin"
            type="search"
            value=""
          />
        </div>
        <ul
          class="coin-container"
        />
      </div>
    </div>
  </div>,
  "debug": [Function],
  "findAllByAltText": [Function],
  "findAllByDisplayValue": [Function],
  "findAllByLabelText": [Function],
  "findAllByPlaceholderText": [Function],
  "findAllByRole": [Function],
  "findAllByTestId": [Function],
  "findAllByText": [Function],
  "findAllByTitle": [Function],
  "findByAltText": [Function],
  "findByDisplayValue": [Function],
  "findByLabelText": [Function],
  "findByPlaceholderText": [Function],
  "findByRole": [Function],
  "findByTestId": [Function],
  "findByText": [Function],
  "findByTitle": [Function],
  "getAllByAltText": [Function],
  "getAllByDisplayValue": [Function],
  "getAllByLabelText": [Function],
  "getAllByPlaceholderText": [Function],
  "getAllByRole": [Function],
  "getAllByTestId": [Function],
  "getAllByText": [Function],
  "getAllByTitle": [Function],
  "getByAltText": [Function],
  "getByDisplayValue": [Function],
  "getByLabelText": [Function],
  "getByPlaceholderText": [Function],
  "getByRole": [Function],
  "getByTestId": [Function],
  "getByText": [Function],
  "getByTitle": [Function],
  "queryAllByAltText": [Function],
  "queryAllByDisplayValue": [Function],
  "queryAllByLabelText": [Function],
  "queryAllByPlaceholderText": [Function],
  "queryAllByRole": [Function],
  "queryAllByTestId": [Function],
  "queryAllByText": [Function],
  "queryAllByTitle": [Function],
  "queryByAltText": [Function],
  "queryByDisplayValue": [Function],
  "queryByLabelText": [Function],
  "queryByPlaceholderText": [Function],
  "queryByRole": [Function],
  "queryByTestId": [Function],
  "queryByText": [Function],
  "queryByTitle": [Function],
  "rerender": [Function],
  "unmount": [Function],
}
`;
